Sale Balance Update Debug Log
=============================
This file will contain debug information for balance updates in Sale.php
=============================

=== SALE BALANCE UPDATE ===
Time: 2026-01-01 02:47:38
Party ID: 5
Amount: 136410
Payment: 0
Due Amount: 136410
Balance Change: 136410
Balance Before: -136410.00
Balance After: 0.00
Actual Change: 136410
Affected Rows: 1
===========================

=== SALE BALANCE UPDATE ===
Time: 2026-01-01 02:48:58
Party ID: 6
Amount: 561
Payment: 0
Due Amount: 561
Balance Change: 561
Balance Before: -561.00
Balance After: 0.00
Actual Change: 561
Affected Rows: 1
===========================

=== SALE BALANCE UPDATE ===
Time: 2026-01-01 02:53:26
Is Edit: Yes (ID: 5)
Party ID: 5
Amount: 144594.6
Payment: 0
Due Amount: 144594.6
Original Due Amount: 144594.6
Revert Change: -144594.6
Balance Change: 144594.6
Balance Before Any Changes: 0.00
Balance After Revert (if edit): -144594.60
Balance After Update: 0.00
Net Change: 0
Expected Net Change: 0
Affected Rows: 1
===========================

